EN validatermino NULL "C:/Users/Usuario/Desktop/N2- ARQUITETURA/TEMPORIZADOR/ValidaTermino.vhd" sub00/vhpl18 1622229759
AR sd_completo behavioral "C:/Users/Usuario/Desktop/N2- ARQUITETURA/TEMPORIZADOR/SD_COMPLETO.vhd" sub00/vhpl23 1622229766
EN uc_asm_temporizador NULL "C:/Users/Usuario/Desktop/N2- ARQUITETURA/TEMPORIZADOR/UC-ASM_temporizador.vhd" sub00/vhpl20 1622229761
AR display7seg behavioral "C:/Users/Usuario/Desktop/N2- ARQUITETURA/TEMPORIZADOR/Display7seg.vhd" sub00/vhpl17 1622229758
EN sd_completo NULL "C:/Users/Usuario/Desktop/N2- ARQUITETURA/TEMPORIZADOR/SD_COMPLETO.vhd" sub00/vhpl22 1622229765
EN contadorsegundos NULL "C:/Users/Usuario/Desktop/N2- ARQUITETURA/TEMPORIZADOR/ContadorSegundos.vhd" sub00/vhpl10 1622229751
EN temporizador NULL "C:/Users/Usuario/Desktop/N2- ARQUITETURA/TEMPORIZADOR/temporizador.vhd" sub00/vhpl04 1622229763
AR validatermino behavioral "C:/Users/Usuario/Desktop/N2- ARQUITETURA/TEMPORIZADOR/ValidaTermino.vhd" sub00/vhpl19 1622229760
EN display7seg NULL "C:/Users/Usuario/Desktop/N2- ARQUITETURA/TEMPORIZADOR/Display7seg.vhd" sub00/vhpl16 1622229757
AR contadorsegundos behavioral "C:/Users/Usuario/Desktop/N2- ARQUITETURA/TEMPORIZADOR/ContadorSegundos.vhd" sub00/vhpl11 1622229752
EN contadordezenaminutos NULL "C:/Users/Usuario/Desktop/N2- ARQUITETURA/TEMPORIZADOR/ContadorDezenaMinutos.vhd" sub00/vhpl12 1622229753
EN contadordezenasegundos NULL "C:/Users/Usuario/Desktop/N2- ARQUITETURA/TEMPORIZADOR/ContadorDezenaSegundos.vhd" sub00/vhpl06 1622229749
AR contadordezenasegundos behavioral "C:/Users/Usuario/Desktop/N2- ARQUITETURA/TEMPORIZADOR/ContadorDezenaSegundos.vhd" sub00/vhpl07 1622229750
AR contadordeclock behavioral "C:/Users/Usuario/Desktop/N2- ARQUITETURA/TEMPORIZADOR/Contador.vhd" sub00/vhpl09 1622229748
AR contadorminutos behavioral "C:/Users/Usuario/Desktop/N2- ARQUITETURA/TEMPORIZADOR/ContadorMinutos.vhd" sub00/vhpl15 1622229756
EN contadorminutos NULL "C:/Users/Usuario/Desktop/N2- ARQUITETURA/TEMPORIZADOR/ContadorMinutos.vhd" sub00/vhpl14 1622229755
EN registrador NULL "C:/Users/Usuario/Desktop/N2- ARQUITETURA/TEMPORIZADOR/registrador.vhd" sub00/vhpl02 1621619873
AR contadordezenaminutos behavioral "C:/Users/Usuario/Desktop/N2- ARQUITETURA/TEMPORIZADOR/ContadorDezenaMinutos.vhd" sub00/vhpl13 1622229754
AR uc_asm_temporizador behavioral "C:/Users/Usuario/Desktop/N2- ARQUITETURA/TEMPORIZADOR/UC-ASM_temporizador.vhd" sub00/vhpl21 1622229762
EN contadordeclock NULL "C:/Users/Usuario/Desktop/N2- ARQUITETURA/TEMPORIZADOR/Contador.vhd" sub00/vhpl08 1622229747
EN contador NULL "C:/Users/Usuario/Desktop/N2- ARQUITETURA/TEMPORIZADOR/Contador.vhd" sub00/vhpl00 1621619871
AR temporizador behavioral "C:/Users/Usuario/Desktop/N2- ARQUITETURA/TEMPORIZADOR/temporizador.vhd" sub00/vhpl05 1622229764
AR contador behavioral "C:/Users/Usuario/Desktop/N2- ARQUITETURA/TEMPORIZADOR/Contador.vhd" sub00/vhpl01 1621619872
AR registrador behavioral "C:/Users/Usuario/Desktop/N2- ARQUITETURA/TEMPORIZADOR/registrador.vhd" sub00/vhpl03 1621619874
