EN validatermino NULL "C:/Users/Usuario/Desktop/N2- ARQUITETURA/TEMPORIZADOR/ValidaTermino.vhd" sub00/vhpl18 1622150255
AR sd_completo behavioral "C:/Users/Usuario/Desktop/N2- ARQUITETURA/TEMPORIZADOR/SD_COMPLETO.vhd" sub00/vhpl23 1622150262
EN uc_asm_temporizador NULL "C:/Users/Usuario/Desktop/N2- ARQUITETURA/TEMPORIZADOR/UC-ASM_temporizador.vhd" sub00/vhpl20 1622150257
AR display7seg behavioral "C:/Users/Usuario/Desktop/N2- ARQUITETURA/TEMPORIZADOR/Display7seg.vhd" sub00/vhpl17 1622150254
EN sd_completo NULL "C:/Users/Usuario/Desktop/N2- ARQUITETURA/TEMPORIZADOR/SD_COMPLETO.vhd" sub00/vhpl22 1622150261
EN contadorsegundos NULL "C:/Users/Usuario/Desktop/N2- ARQUITETURA/TEMPORIZADOR/ContadorSegundos.vhd" sub00/vhpl10 1622150247
EN temporizador NULL "C:/Users/Usuario/Desktop/N2- ARQUITETURA/TEMPORIZADOR/temporizador.vhd" sub00/vhpl04 1622150259
AR validatermino behavioral "C:/Users/Usuario/Desktop/N2- ARQUITETURA/TEMPORIZADOR/ValidaTermino.vhd" sub00/vhpl19 1622150256
EN display7seg NULL "C:/Users/Usuario/Desktop/N2- ARQUITETURA/TEMPORIZADOR/Display7seg.vhd" sub00/vhpl16 1622150253
AR contadorsegundos behavioral "C:/Users/Usuario/Desktop/N2- ARQUITETURA/TEMPORIZADOR/ContadorSegundos.vhd" sub00/vhpl11 1622150248
EN contadordezenaminutos NULL "C:/Users/Usuario/Desktop/N2- ARQUITETURA/TEMPORIZADOR/ContadorDezenaMinutos.vhd" sub00/vhpl12 1622150249
EN contadordezenasegundos NULL "C:/Users/Usuario/Desktop/N2- ARQUITETURA/TEMPORIZADOR/ContadorDezenaSegundos.vhd" sub00/vhpl06 1622150245
AR contadordezenasegundos behavioral "C:/Users/Usuario/Desktop/N2- ARQUITETURA/TEMPORIZADOR/ContadorDezenaSegundos.vhd" sub00/vhpl07 1622150246
AR contadordeclock behavioral "C:/Users/Usuario/Desktop/N2- ARQUITETURA/TEMPORIZADOR/Contador.vhd" sub00/vhpl09 1622150244
AR contadorminutos behavioral "C:/Users/Usuario/Desktop/N2- ARQUITETURA/TEMPORIZADOR/ContadorMinutos.vhd" sub00/vhpl15 1622150252
EN contadorminutos NULL "C:/Users/Usuario/Desktop/N2- ARQUITETURA/TEMPORIZADOR/ContadorMinutos.vhd" sub00/vhpl14 1622150251
EN registrador NULL "C:/Users/Usuario/Desktop/N2- ARQUITETURA/TEMPORIZADOR/registrador.vhd" sub00/vhpl02 1621619873
AR contadordezenaminutos behavioral "C:/Users/Usuario/Desktop/N2- ARQUITETURA/TEMPORIZADOR/ContadorDezenaMinutos.vhd" sub00/vhpl13 1622150250
AR uc_asm_temporizador behavioral "C:/Users/Usuario/Desktop/N2- ARQUITETURA/TEMPORIZADOR/UC-ASM_temporizador.vhd" sub00/vhpl21 1622150258
EN contadordeclock NULL "C:/Users/Usuario/Desktop/N2- ARQUITETURA/TEMPORIZADOR/Contador.vhd" sub00/vhpl08 1622150243
EN contador NULL "C:/Users/Usuario/Desktop/N2- ARQUITETURA/TEMPORIZADOR/Contador.vhd" sub00/vhpl00 1621619871
AR temporizador behavioral "C:/Users/Usuario/Desktop/N2- ARQUITETURA/TEMPORIZADOR/temporizador.vhd" sub00/vhpl05 1622150260
AR contador behavioral "C:/Users/Usuario/Desktop/N2- ARQUITETURA/TEMPORIZADOR/Contador.vhd" sub00/vhpl01 1621619872
AR registrador behavioral "C:/Users/Usuario/Desktop/N2- ARQUITETURA/TEMPORIZADOR/registrador.vhd" sub00/vhpl03 1621619874
